Archive member included to satisfy reference by file (symbol)

c:/program files (x86)/atmel/studio/7.0/toolchain/avr8/avr8-gnu-toolchain/bin/../lib/gcc/avr/5.4.0/avr5\libgcc.a(_udivmodqi4.o)
                              backend.o (__udivmodqi4)
c:/program files (x86)/atmel/studio/7.0/toolchain/avr8/avr8-gnu-toolchain/bin/../lib/gcc/avr/5.4.0/avr5\libgcc.a(_divmodsi4.o)
                              gui.o (__divmodsi4)
c:/program files (x86)/atmel/studio/7.0/toolchain/avr8/avr8-gnu-toolchain/bin/../lib/gcc/avr/5.4.0/avr5\libgcc.a(_negsi2.o)
                              c:/program files (x86)/atmel/studio/7.0/toolchain/avr8/avr8-gnu-toolchain/bin/../lib/gcc/avr/5.4.0/avr5\libgcc.a(_divmodsi4.o) (__negsi2)
c:/program files (x86)/atmel/studio/7.0/toolchain/avr8/avr8-gnu-toolchain/bin/../lib/gcc/avr/5.4.0/avr5\libgcc.a(_exit.o)
                              C:/Program Files (x86)/Atmel/Studio/7.0/Packs/Atmel/ATmega_DFP/1.6.364/gcc/dev/atmega169p/avr5/crtatmega169p.o (exit)
c:/program files (x86)/atmel/studio/7.0/toolchain/avr8/avr8-gnu-toolchain/bin/../lib/gcc/avr/5.4.0/avr5\libgcc.a(_tablejump2.o)
                              gui.o (__tablejump2__)
c:/program files (x86)/atmel/studio/7.0/toolchain/avr8/avr8-gnu-toolchain/bin/../lib/gcc/avr/5.4.0/avr5\libgcc.a(_copy_data.o)
                              gui.o (__do_copy_data)
c:/program files (x86)/atmel/studio/7.0/toolchain/avr8/avr8-gnu-toolchain/bin/../lib/gcc/avr/5.4.0/avr5\libgcc.a(_clear_bss.o)
                              gui.o (__do_clear_bss)
c:/program files (x86)/atmel/studio/7.0/toolchain/avr8/avr8-gnu-toolchain/bin/../lib/gcc/avr/5.4.0/avr5\libgcc.a(_udivmodsi4.o)
                              c:/program files (x86)/atmel/studio/7.0/toolchain/avr8/avr8-gnu-toolchain/bin/../lib/gcc/avr/5.4.0/avr5\libgcc.a(_divmodsi4.o) (__udivmodsi4)
c:/program files (x86)/atmel/studio/7.0/toolchain/avr8/avr8-gnu-toolchain/bin/../lib/gcc/avr/5.4.0/../../../../avr/lib/avr5\libc.a(setjmp.o)
                              TinyTimber.o (setjmp)

Allocating common symbols
Common symbol       size              file

otable              0x24              TinyTimber.o
threads             0x74              TinyTimber.o
mtable              0x24              TinyTimber.o
thread0             0x1d              TinyTimber.o
messages            0xf0              TinyTimber.o
stacks              0x180             TinyTimber.o

Discarded input sections

 .data          0x00000000        0x0 C:/Program Files (x86)/Atmel/Studio/7.0/Packs/Atmel/ATmega_DFP/1.6.364/gcc/dev/atmega169p/avr5/crtatmega169p.o
 .bss           0x00000000        0x0 C:/Program Files (x86)/Atmel/Studio/7.0/Packs/Atmel/ATmega_DFP/1.6.364/gcc/dev/atmega169p/avr5/crtatmega169p.o
 .text          0x00000000        0x0 backend.o
 .data          0x00000000        0x0 backend.o
 .bss           0x00000000        0x0 backend.o
 .text          0x00000000        0x0 gui.o
 .data          0x00000000        0x0 gui.o
 .bss           0x00000000        0x0 gui.o
 .text          0x00000000        0x0 main.o
 .data          0x00000000        0x0 main.o
 .bss           0x00000000        0x0 main.o
 .text          0x00000000        0x0 TinyTimber.o
 .data          0x00000000        0x0 TinyTimber.o
 .bss           0x00000000        0x0 TinyTimber.o
 .text.remove   0x00000000       0x58 TinyTimber.o
 .text.insert   0x00000000       0x14 TinyTimber.o
 .text.push     0x00000000       0x14 TinyTimber.o
 .text.pop      0x00000000       0x14 TinyTimber.o
 .text.ABORT    0x00000000       0xa2 TinyTimber.o
 .text.T_RESET  0x00000000       0x3a TinyTimber.o
 .text.T_SAMPLE
                0x00000000       0x54 TinyTimber.o
 .text.CURRENT_OFFSET
                0x00000000       0xa2 TinyTimber.o
 .text.install  0x00000000       0x34 TinyTimber.o
 .text          0x00000000        0x0 USART.o
 .data          0x00000000        0x0 USART.o
 .bss           0x00000000        0x0 USART.o
 .text.USART_RX_vect
                0x00000000       0x14 USART.o
 .text          0x00000000        0x0 c:/program files (x86)/atmel/studio/7.0/toolchain/avr8/avr8-gnu-toolchain/bin/../lib/gcc/avr/5.4.0/avr5\libgcc.a(_udivmodqi4.o)
 .data          0x00000000        0x0 c:/program files (x86)/atmel/studio/7.0/toolchain/avr8/avr8-gnu-toolchain/bin/../lib/gcc/avr/5.4.0/avr5\libgcc.a(_udivmodqi4.o)
 .bss           0x00000000        0x0 c:/program files (x86)/atmel/studio/7.0/toolchain/avr8/avr8-gnu-toolchain/bin/../lib/gcc/avr/5.4.0/avr5\libgcc.a(_udivmodqi4.o)
 .text.libgcc.mul
                0x00000000        0x0 c:/program files (x86)/atmel/studio/7.0/toolchain/avr8/avr8-gnu-toolchain/bin/../lib/gcc/avr/5.4.0/avr5\libgcc.a(_udivmodqi4.o)
 .text.libgcc   0x00000000        0x0 c:/program files (x86)/atmel/studio/7.0/toolchain/avr8/avr8-gnu-toolchain/bin/../lib/gcc/avr/5.4.0/avr5\libgcc.a(_udivmodqi4.o)
 .text.libgcc.prologue
                0x00000000        0x0 c:/program files (x86)/atmel/studio/7.0/toolchain/avr8/avr8-gnu-toolchain/bin/../lib/gcc/avr/5.4.0/avr5\libgcc.a(_udivmodqi4.o)
 .text.libgcc.builtins
                0x00000000        0x0 c:/program files (x86)/atmel/studio/7.0/toolchain/avr8/avr8-gnu-toolchain/bin/../lib/gcc/avr/5.4.0/avr5\libgcc.a(_udivmodqi4.o)
 .text.libgcc.fmul
                0x00000000        0x0 c:/program files (x86)/atmel/studio/7.0/toolchain/avr8/avr8-gnu-toolchain/bin/../lib/gcc/avr/5.4.0/avr5\libgcc.a(_udivmodqi4.o)
 .text.libgcc.fixed
                0x00000000        0x0 c:/program files (x86)/atmel/studio/7.0/toolchain/avr8/avr8-gnu-toolchain/bin/../lib/gcc/avr/5.4.0/avr5\libgcc.a(_udivmodqi4.o)
 .text          0x00000000        0x0 c:/program files (x86)/atmel/studio/7.0/toolchain/avr8/avr8-gnu-toolchain/bin/../lib/gcc/avr/5.4.0/avr5\libgcc.a(_divmodsi4.o)
 .data          0x00000000        0x0 c:/program files (x86)/atmel/studio/7.0/toolchain/avr8/avr8-gnu-toolchain/bin/../lib/gcc/avr/5.4.0/avr5\libgcc.a(_divmodsi4.o)
 .bss           0x00000000        0x0 c:/program files (x86)/atmel/studio/7.0/toolchain/avr8/avr8-gnu-toolchain/bin/../lib/gcc/avr/5.4.0/avr5\libgcc.a(_divmodsi4.o)
 .text.libgcc.mul
                0x00000000        0x0 c:/program files (x86)/atmel/studio/7.0/toolchain/avr8/avr8-gnu-toolchain/bin/../lib/gcc/avr/5.4.0/avr5\libgcc.a(_divmodsi4.o)
 .text.libgcc   0x00000000        0x0 c:/program files (x86)/atmel/studio/7.0/toolchain/avr8/avr8-gnu-toolchain/bin/../lib/gcc/avr/5.4.0/avr5\libgcc.a(_divmodsi4.o)
 .text.libgcc.prologue
                0x00000000        0x0 c:/program files (x86)/atmel/studio/7.0/toolchain/avr8/avr8-gnu-toolchain/bin/../lib/gcc/avr/5.4.0/avr5\libgcc.a(_divmodsi4.o)
 .text.libgcc.builtins
                0x00000000        0x0 c:/program files (x86)/atmel/studio/7.0/toolchain/avr8/avr8-gnu-toolchain/bin/../lib/gcc/avr/5.4.0/avr5\libgcc.a(_divmodsi4.o)
 .text.libgcc.fmul
                0x00000000        0x0 c:/program files (x86)/atmel/studio/7.0/toolchain/avr8/avr8-gnu-toolchain/bin/../lib/gcc/avr/5.4.0/avr5\libgcc.a(_divmodsi4.o)
 .text.libgcc.fixed
                0x00000000        0x0 c:/program files (x86)/atmel/studio/7.0/toolchain/avr8/avr8-gnu-toolchain/bin/../lib/gcc/avr/5.4.0/avr5\libgcc.a(_divmodsi4.o)
 .text          0x00000000        0x0 c:/program files (x86)/atmel/studio/7.0/toolchain/avr8/avr8-gnu-toolchain/bin/../lib/gcc/avr/5.4.0/avr5\libgcc.a(_negsi2.o)
 .data          0x00000000        0x0 c:/program files (x86)/atmel/studio/7.0/toolchain/avr8/avr8-gnu-toolchain/bin/../lib/gcc/avr/5.4.0/avr5\libgcc.a(_negsi2.o)
 .bss           0x00000000        0x0 c:/program files (x86)/atmel/studio/7.0/toolchain/avr8/avr8-gnu-toolchain/bin/../lib/gcc/avr/5.4.0/avr5\libgcc.a(_negsi2.o)
 .text.libgcc.mul
                0x00000000        0x0 c:/program files (x86)/atmel/studio/7.0/toolchain/avr8/avr8-gnu-toolchain/bin/../lib/gcc/avr/5.4.0/avr5\libgcc.a(_negsi2.o)
 .text.libgcc   0x00000000        0x0 c:/program files (x86)/atmel/studio/7.0/toolchain/avr8/avr8-gnu-toolchain/bin/../lib/gcc/avr/5.4.0/avr5\libgcc.a(_negsi2.o)
 .text.libgcc.prologue
                0x00000000        0x0 c:/program files (x86)/atmel/studio/7.0/toolchain/avr8/avr8-gnu-toolchain/bin/../lib/gcc/avr/5.4.0/avr5\libgcc.a(_negsi2.o)
 .text.libgcc.builtins
                0x00000000        0x0 c:/program files (x86)/atmel/studio/7.0/toolchain/avr8/avr8-gnu-toolchain/bin/../lib/gcc/avr/5.4.0/avr5\libgcc.a(_negsi2.o)
 .text.libgcc.fmul
                0x00000000        0x0 c:/program files (x86)/atmel/studio/7.0/toolchain/avr8/avr8-gnu-toolchain/bin/../lib/gcc/avr/5.4.0/avr5\libgcc.a(_negsi2.o)
 .text.libgcc.fixed
                0x00000000        0x0 c:/program files (x86)/atmel/studio/7.0/toolchain/avr8/avr8-gnu-toolchain/bin/../lib/gcc/avr/5.4.0/avr5\libgcc.a(_negsi2.o)
 .text          0x00000000        0x0 c:/program files (x86)/atmel/studio/7.0/toolchain/avr8/avr8-gnu-toolchain/bin/../lib/gcc/avr/5.4.0/avr5\libgcc.a(_exit.o)
 .data          0x00000000        0x0 c:/program files (x86)/atmel/studio/7.0/toolchain/avr8/avr8-gnu-toolchain/bin/../lib/gcc/avr/5.4.0/avr5\libgcc.a(_exit.o)
 .bss           0x00000000        0x0 c:/program files (x86)/atmel/studio/7.0/toolchain/avr8/avr8-gnu-toolchain/bin/../lib/gcc/avr/5.4.0/avr5\libgcc.a(_exit.o)
 .text.libgcc.mul
                0x00000000        0x0 c:/program files (x86)/atmel/studio/7.0/toolchain/avr8/avr8-gnu-toolchain/bin/../lib/gcc/avr/5.4.0/avr5\libgcc.a(_exit.o)
 .text.libgcc.div
                0x00000000        0x0 c:/program files (x86)/atmel/studio/7.0/toolchain/avr8/avr8-gnu-toolchain/bin/../lib/gcc/avr/5.4.0/avr5\libgcc.a(_exit.o)
 .text.libgcc   0x00000000        0x0 c:/program files (x86)/atmel/studio/7.0/toolchain/avr8/avr8-gnu-toolchain/bin/../lib/gcc/avr/5.4.0/avr5\libgcc.a(_exit.o)
 .text.libgcc.prologue
                0x00000000        0x0 c:/program files (x86)/atmel/studio/7.0/toolchain/avr8/avr8-gnu-toolchain/bin/../lib/gcc/avr/5.4.0/avr5\libgcc.a(_exit.o)
 .text.libgcc.builtins
                0x00000000        0x0 c:/program files (x86)/atmel/studio/7.0/toolchain/avr8/avr8-gnu-toolchain/bin/../lib/gcc/avr/5.4.0/avr5\libgcc.a(_exit.o)
 .text.libgcc.fmul
                0x00000000        0x0 c:/program files (x86)/atmel/studio/7.0/toolchain/avr8/avr8-gnu-toolchain/bin/../lib/gcc/avr/5.4.0/avr5\libgcc.a(_exit.o)
 .text.libgcc.fixed
                0x00000000        0x0 c:/program files (x86)/atmel/studio/7.0/toolchain/avr8/avr8-gnu-toolchain/bin/../lib/gcc/avr/5.4.0/avr5\libgcc.a(_exit.o)
 .text          0x00000000        0x0 c:/program files (x86)/atmel/studio/7.0/toolchain/avr8/avr8-gnu-toolchain/bin/../lib/gcc/avr/5.4.0/avr5\libgcc.a(_tablejump2.o)
 .data          0x00000000        0x0 c:/program files (x86)/atmel/studio/7.0/toolchain/avr8/avr8-gnu-toolchain/bin/../lib/gcc/avr/5.4.0/avr5\libgcc.a(_tablejump2.o)
 .bss           0x00000000        0x0 c:/program files (x86)/atmel/studio/7.0/toolchain/avr8/avr8-gnu-toolchain/bin/../lib/gcc/avr/5.4.0/avr5\libgcc.a(_tablejump2.o)
 .text.libgcc.mul
                0x00000000        0x0 c:/program files (x86)/atmel/studio/7.0/toolchain/avr8/avr8-gnu-toolchain/bin/../lib/gcc/avr/5.4.0/avr5\libgcc.a(_tablejump2.o)
 .text.libgcc.div
                0x00000000        0x0 c:/program files (x86)/atmel/studio/7.0/toolchain/avr8/avr8-gnu-toolchain/bin/../lib/gcc/avr/5.4.0/avr5\libgcc.a(_tablejump2.o)
 .text.libgcc.prologue
                0x00000000        0x0 c:/program files (x86)/atmel/studio/7.0/toolchain/avr8/avr8-gnu-toolchain/bin/../lib/gcc/avr/5.4.0/avr5\libgcc.a(_tablejump2.o)
 .text.libgcc.builtins
                0x00000000        0x0 c:/program files (x86)/atmel/studio/7.0/toolchain/avr8/avr8-gnu-toolchain/bin/../lib/gcc/avr/5.4.0/avr5\libgcc.a(_tablejump2.o)
 .text.libgcc.fmul
                0x00000000        0x0 c:/program files (x86)/atmel/studio/7.0/toolchain/avr8/avr8-gnu-toolchain/bin/../lib/gcc/avr/5.4.0/avr5\libgcc.a(_tablejump2.o)
 .text.libgcc.fixed
                0x00000000        0x0 c:/program files (x86)/atmel/studio/7.0/toolchain/avr8/avr8-gnu-toolchain/bin/../lib/gcc/avr/5.4.0/avr5\libgcc.a(_tablejump2.o)
 .text          0x00000000        0x0 c:/program files (x86)/atmel/studio/7.0/toolchain/avr8/avr8-gnu-toolchain/bin/../lib/gcc/avr/5.4.0/avr5\libgcc.a(_copy_data.o)
 .data          0x00000000        0x0 c:/program files (x86)/atmel/studio/7.0/toolchain/avr8/avr8-gnu-toolchain/bin/../lib/gcc/avr/5.4.0/avr5\libgcc.a(_copy_data.o)
 .bss           0x00000000        0x0 c:/program files (x86)/atmel/studio/7.0/toolchain/avr8/avr8-gnu-toolchain/bin/../lib/gcc/avr/5.4.0/avr5\libgcc.a(_copy_data.o)
 .text.libgcc.mul
                0x00000000        0x0 c:/program files (x86)/atmel/studio/7.0/toolchain/avr8/avr8-gnu-toolchain/bin/../lib/gcc/avr/5.4.0/avr5\libgcc.a(_copy_data.o)
 .text.libgcc.div
                0x00000000        0x0 c:/program files (x86)/atmel/studio/7.0/toolchain/avr8/avr8-gnu-toolchain/bin/../lib/gcc/avr/5.4.0/avr5\libgcc.a(_copy_data.o)
 .text.libgcc   0x00000000        0x0 c:/program files (x86)/atmel/studio/7.0/toolchain/avr8/avr8-gnu-toolchain/bin/../lib/gcc/avr/5.4.0/avr5\libgcc.a(_copy_data.o)
 .text.libgcc.prologue
                0x00000000        0x0 c:/program files (x86)/atmel/studio/7.0/toolchain/avr8/avr8-gnu-toolchain/bin/../lib/gcc/avr/5.4.0/avr5\libgcc.a(_copy_data.o)
 .text.libgcc.builtins
                0x00000000        0x0 c:/program files (x86)/atmel/studio/7.0/toolchain/avr8/avr8-gnu-toolchain/bin/../lib/gcc/avr/5.4.0/avr5\libgcc.a(_copy_data.o)
 .text.libgcc.fmul
                0x00000000        0x0 c:/program files (x86)/atmel/studio/7.0/toolchain/avr8/avr8-gnu-toolchain/bin/../lib/gcc/avr/5.4.0/avr5\libgcc.a(_copy_data.o)
 .text.libgcc.fixed
                0x00000000        0x0 c:/program files (x86)/atmel/studio/7.0/toolchain/avr8/avr8-gnu-toolchain/bin/../lib/gcc/avr/5.4.0/avr5\libgcc.a(_copy_data.o)
 .text          0x00000000        0x0 c:/program files (x86)/atmel/studio/7.0/toolchain/avr8/avr8-gnu-toolchain/bin/../lib/gcc/avr/5.4.0/avr5\libgcc.a(_clear_bss.o)
 .data          0x00000000        0x0 c:/program files (x86)/atmel/studio/7.0/toolchain/avr8/avr8-gnu-toolchain/bin/../lib/gcc/avr/5.4.0/avr5\libgcc.a(_clear_bss.o)
 .bss           0x00000000        0x0 c:/program files (x86)/atmel/studio/7.0/toolchain/avr8/avr8-gnu-toolchain/bin/../lib/gcc/avr/5.4.0/avr5\libgcc.a(_clear_bss.o)
 .text.libgcc.mul
                0x00000000        0x0 c:/program files (x86)/atmel/studio/7.0/toolchain/avr8/avr8-gnu-toolchain/bin/../lib/gcc/avr/5.4.0/avr5\libgcc.a(_clear_bss.o)
 .text.libgcc.div
                0x00000000        0x0 c:/program files (x86)/atmel/studio/7.0/toolchain/avr8/avr8-gnu-toolchain/bin/../lib/gcc/avr/5.4.0/avr5\libgcc.a(_clear_bss.o)
 .text.libgcc   0x00000000        0x0 c:/program files (x86)/atmel/studio/7.0/toolchain/avr8/avr8-gnu-toolchain/bin/../lib/gcc/avr/5.4.0/avr5\libgcc.a(_clear_bss.o)
 .text.libgcc.prologue
                0x00000000        0x0 c:/program files (x86)/atmel/studio/7.0/toolchain/avr8/avr8-gnu-toolchain/bin/../lib/gcc/avr/5.4.0/avr5\libgcc.a(_clear_bss.o)
 .text.libgcc.builtins
                0x00000000        0x0 c:/program files (x86)/atmel/studio/7.0/toolchain/avr8/avr8-gnu-toolchain/bin/../lib/gcc/avr/5.4.0/avr5\libgcc.a(_clear_bss.o)
 .text.libgcc.fmul
                0x00000000        0x0 c:/program files (x86)/atmel/studio/7.0/toolchain/avr8/avr8-gnu-toolchain/bin/../lib/gcc/avr/5.4.0/avr5\libgcc.a(_clear_bss.o)
 .text.libgcc.fixed
                0x00000000        0x0 c:/program files (x86)/atmel/studio/7.0/toolchain/avr8/avr8-gnu-toolchain/bin/../lib/gcc/avr/5.4.0/avr5\libgcc.a(_clear_bss.o)
 .text          0x00000000        0x0 c:/program files (x86)/atmel/studio/7.0/toolchain/avr8/avr8-gnu-toolchain/bin/../lib/gcc/avr/5.4.0/avr5\libgcc.a(_udivmodsi4.o)
 .data          0x00000000        0x0 c:/program files (x86)/atmel/studio/7.0/toolchain/avr8/avr8-gnu-toolchain/bin/../lib/gcc/avr/5.4.0/avr5\libgcc.a(_udivmodsi4.o)
 .bss           0x00000000        0x0 c:/program files (x86)/atmel/studio/7.0/toolchain/avr8/avr8-gnu-toolchain/bin/../lib/gcc/avr/5.4.0/avr5\libgcc.a(_udivmodsi4.o)
 .text.libgcc.mul
                0x00000000        0x0 c:/program files (x86)/atmel/studio/7.0/toolchain/avr8/avr8-gnu-toolchain/bin/../lib/gcc/avr/5.4.0/avr5\libgcc.a(_udivmodsi4.o)
 .text.libgcc   0x00000000        0x0 c:/program files (x86)/atmel/studio/7.0/toolchain/avr8/avr8-gnu-toolchain/bin/../lib/gcc/avr/5.4.0/avr5\libgcc.a(_udivmodsi4.o)
 .text.libgcc.prologue
                0x00000000        0x0 c:/program files (x86)/atmel/studio/7.0/toolchain/avr8/avr8-gnu-toolchain/bin/../lib/gcc/avr/5.4.0/avr5\libgcc.a(_udivmodsi4.o)
 .text.libgcc.builtins
                0x00000000        0x0 c:/program files (x86)/atmel/studio/7.0/toolchain/avr8/avr8-gnu-toolchain/bin/../lib/gcc/avr/5.4.0/avr5\libgcc.a(_udivmodsi4.o)
 .text.libgcc.fmul
                0x00000000        0x0 c:/program files (x86)/atmel/studio/7.0/toolchain/avr8/avr8-gnu-toolchain/bin/../lib/gcc/avr/5.4.0/avr5\libgcc.a(_udivmodsi4.o)
 .text.libgcc.fixed
                0x00000000        0x0 c:/program files (x86)/atmel/studio/7.0/toolchain/avr8/avr8-gnu-toolchain/bin/../lib/gcc/avr/5.4.0/avr5\libgcc.a(_udivmodsi4.o)
 .text          0x00000000        0x0 c:/program files (x86)/atmel/studio/7.0/toolchain/avr8/avr8-gnu-toolchain/bin/../lib/gcc/avr/5.4.0/../../../../avr/lib/avr5\libc.a(setjmp.o)
 .data          0x00000000        0x0 c:/program files (x86)/atmel/studio/7.0/toolchain/avr8/avr8-gnu-toolchain/bin/../lib/gcc/avr/5.4.0/../../../../avr/lib/avr5\libc.a(setjmp.o)
 .bss           0x00000000        0x0 c:/program files (x86)/atmel/studio/7.0/toolchain/avr8/avr8-gnu-toolchain/bin/../lib/gcc/avr/5.4.0/../../../../avr/lib/avr5\libc.a(setjmp.o)

Memory Configuration

Name             Origin             Length             Attributes
text             0x00000000         0x00004000         xr
data             0x00800100         0x00000400         rw !x
eeprom           0x00810000         0x00000200         rw !x
fuse             0x00820000         0x00000003         rw !x
lock             0x00830000         0x00000400         rw !x
signature        0x00840000         0x00000400         rw !x
user_signatures  0x00850000         0x00000400         rw !x
*default*        0x00000000         0xffffffff

Linker script and memory map

Address of section .data set to 0x800100
LOAD C:/Program Files (x86)/Atmel/Studio/7.0/Packs/Atmel/ATmega_DFP/1.6.364/gcc/dev/atmega169p/avr5/crtatmega169p.o
LOAD backend.o
LOAD gui.o
LOAD main.o
LOAD TinyTimber.o
LOAD USART.o
START GROUP
LOAD c:/program files (x86)/atmel/studio/7.0/toolchain/avr8/avr8-gnu-toolchain/bin/../lib/gcc/avr/5.4.0/../../../../avr/lib/avr5\libm.a
END GROUP
START GROUP
LOAD c:/program files (x86)/atmel/studio/7.0/toolchain/avr8/avr8-gnu-toolchain/bin/../lib/gcc/avr/5.4.0/avr5\libgcc.a
LOAD c:/program files (x86)/atmel/studio/7.0/toolchain/avr8/avr8-gnu-toolchain/bin/../lib/gcc/avr/5.4.0/../../../../avr/lib/avr5\libm.a
LOAD c:/program files (x86)/atmel/studio/7.0/toolchain/avr8/avr8-gnu-toolchain/bin/../lib/gcc/avr/5.4.0/../../../../avr/lib/avr5\libc.a
LOAD C:/Program Files (x86)/Atmel/Studio/7.0/Packs/Atmel/ATmega_DFP/1.6.364/gcc/dev/atmega169p/avr5\libatmega169p.a
END GROUP
                0x00000000                __TEXT_REGION_ORIGIN__ = DEFINED (__TEXT_REGION_ORIGIN__)?__TEXT_REGION_ORIGIN__:0x0
                [0x00800100]                __DATA_REGION_ORIGIN__ = DEFINED (__DATA_REGION_ORIGIN__)?__DATA_REGION_ORIGIN__:0x800060
                [0x00004000]                __TEXT_REGION_LENGTH__ = DEFINED (__TEXT_REGION_LENGTH__)?__TEXT_REGION_LENGTH__:0x20000
                [0x00000400]                __DATA_REGION_LENGTH__ = DEFINED (__DATA_REGION_LENGTH__)?__DATA_REGION_LENGTH__:0xffa0
                [0x00000200]                __EEPROM_REGION_LENGTH__ = DEFINED (__EEPROM_REGION_LENGTH__)?__EEPROM_REGION_LENGTH__:0x10000
                [0x00000003]                __FUSE_REGION_LENGTH__ = DEFINED (__FUSE_REGION_LENGTH__)?__FUSE_REGION_LENGTH__:0x400
                0x00000400                __LOCK_REGION_LENGTH__ = DEFINED (__LOCK_REGION_LENGTH__)?__LOCK_REGION_LENGTH__:0x400
                0x00000400                __SIGNATURE_REGION_LENGTH__ = DEFINED (__SIGNATURE_REGION_LENGTH__)?__SIGNATURE_REGION_LENGTH__:0x400
                0x00000400                __USER_SIGNATURE_REGION_LENGTH__ = DEFINED (__USER_SIGNATURE_REGION_LENGTH__)?__USER_SIGNATURE_REGION_LENGTH__:0x400

.hash
 *(.hash)

.dynsym
 *(.dynsym)

.dynstr
 *(.dynstr)

.gnu.version
 *(.gnu.version)

.gnu.version_d
 *(.gnu.version_d)

.gnu.version_r
 *(.gnu.version_r)

.rel.init
 *(.rel.init)

.rela.init
 *(.rela.init)

.rel.text
 *(.rel.text)
 *(.rel.text.*)
 *(.rel.gnu.linkonce.t*)

.rela.text
 *(.rela.text)
 *(.rela.text.*)
 *(.rela.gnu.linkonce.t*)

.rel.fini
 *(.rel.fini)

.rela.fini
 *(.rela.fini)

.rel.rodata
 *(.rel.rodata)
 *(.rel.rodata.*)
 *(.rel.gnu.linkonce.r*)

.rela.rodata
 *(.rela.rodata)
 *(.rela.rodata.*)
 *(.rela.gnu.linkonce.r*)

.rel.data
 *(.rel.data)
 *(.rel.data.*)
 *(.rel.gnu.linkonce.d*)

.rela.data
 *(.rela.data)
 *(.rela.data.*)
 *(.rela.gnu.linkonce.d*)

.rel.ctors
 *(.rel.ctors)

.rela.ctors
 *(.rela.ctors)

.rel.dtors
 *(.rel.dtors)

.rela.dtors
 *(.rela.dtors)

.rel.got
 *(.rel.got)

.rela.got
 *(.rela.got)

.rel.bss
 *(.rel.bss)

.rela.bss
 *(.rela.bss)

.rel.plt
 *(.rel.plt)

.rela.plt
 *(.rela.plt)

.text           0x00000000     0x1ffe
 *(.vectors)
 .vectors       0x00000000       0x5c C:/Program Files (x86)/Atmel/Studio/7.0/Packs/Atmel/ATmega_DFP/1.6.364/gcc/dev/atmega169p/avr5/crtatmega169p.o
                0x00000000                __vector_default
                0x00000000                __vectors
 *(.vectors)
 *(.progmem.gcc*)
 .progmem.gcc_sw_table.getSegmentForChar
                0x0000005c       0x14 gui.o
                0x00000070                . = ALIGN (0x2)
                0x00000070                __trampolines_start = .
 *(.trampolines)
 .trampolines   0x00000070        0x0 linker stubs
 *(.trampolines*)
                0x00000070                __trampolines_end = .
 *libprintf_flt.a:*(.progmem.data)
 *libc.a:*(.progmem.data)
 *(.progmem*)
                0x00000070                . = ALIGN (0x2)
 *(.jumptables)
 *(.jumptables*)
 *(.lowtext)
 *(.lowtext*)
                0x00000070                __ctors_start = .
 *(.ctors)
                0x00000070                __ctors_end = .
                0x00000070                __dtors_start = .
 *(.dtors)
                0x00000070                __dtors_end = .
 SORT(*)(.ctors)
 SORT(*)(.dtors)
 *(.init0)
 .init0         0x00000070        0x0 C:/Program Files (x86)/Atmel/Studio/7.0/Packs/Atmel/ATmega_DFP/1.6.364/gcc/dev/atmega169p/avr5/crtatmega169p.o
                0x00000070                __init
 *(.init0)
 *(.init1)
 *(.init1)
 *(.init2)
 .init2         0x00000070        0xc C:/Program Files (x86)/Atmel/Studio/7.0/Packs/Atmel/ATmega_DFP/1.6.364/gcc/dev/atmega169p/avr5/crtatmega169p.o
 *(.init2)
 *(.init3)
 *(.init3)
 *(.init4)
 .init4         0x0000007c       0x16 c:/program files (x86)/atmel/studio/7.0/toolchain/avr8/avr8-gnu-toolchain/bin/../lib/gcc/avr/5.4.0/avr5\libgcc.a(_copy_data.o)
                0x0000007c                __do_copy_data
 .init4         0x00000092       0x10 c:/program files (x86)/atmel/studio/7.0/toolchain/avr8/avr8-gnu-toolchain/bin/../lib/gcc/avr/5.4.0/avr5\libgcc.a(_clear_bss.o)
                0x00000092                __do_clear_bss
 *(.init4)
 *(.init5)
 *(.init5)
 *(.init6)
 *(.init6)
 *(.init7)
 *(.init7)
 *(.init8)
 *(.init8)
 *(.init9)
 .init9         0x000000a2        0x8 C:/Program Files (x86)/Atmel/Studio/7.0/Packs/Atmel/ATmega_DFP/1.6.364/gcc/dev/atmega169p/avr5/crtatmega169p.o
 *(.init9)
 *(.text)
 .text          0x000000aa        0x4 C:/Program Files (x86)/Atmel/Studio/7.0/Packs/Atmel/ATmega_DFP/1.6.364/gcc/dev/atmega169p/avr5/crtatmega169p.o
                0x000000aa                __vector_6
                0x000000aa                __vector_8
                0x000000aa                __bad_interrupt
                0x000000ae                . = ALIGN (0x2)
 *(.text.*)
 .text.USART_Transmit
                0x000000ae       0x10 backend.o
                0x000000ae                USART_Transmit
 .text.addnorthQ
                0x000000be        0xa backend.o
                0x000000be                addnorthQ
 .text.addsouthQ
                0x000000c8        0xa backend.o
                0x000000c8                addsouthQ
 .text.addBrdigeQ
                0x000000d2        0xa backend.o
                0x000000d2                addBrdigeQ
 .text.mainSimulation
                0x000000dc       0xa0 backend.o
                0x000000dc                mainSimulation
 .text.updateDisplay
                0x0000017c       0x3c backend.o
                0x0000017c                updateDisplay
 .text.setNorthLightGreen
                0x000001b8       0x78 backend.o
                0x000001b8                setNorthLightGreen
 .text.setSouthLightGreen
                0x00000230       0x7e backend.o
                0x00000230                setSouthLightGreen
 .text.LCD_init
                0x000002ae       0x1a gui.o
                0x000002ae                LCD_init
 .text.getSegmentForChar
                0x000002c8       0x56 gui.o
                0x000002c8                getSegmentForChar
 .text.writeChar
                0x0000031e      0x1d4 gui.o
                0x0000031e                writeChar
 .text.printAt  0x000004f2       0x74 gui.o
                0x000004f2                printAt
 .text.LightIndicator
                0x00000566       0x4c gui.o
                0x00000566                LightIndicator
 .text.main     0x000005b2       0x4e main.o
                0x000005b2                main
 .text.initialize
                0x00000600       0xd6 TinyTimber.o
 .text.dispatch
                0x000006d6       0x40 TinyTimber.o
 .text.schedule
                0x00000716       0x76 TinyTimber.o
 .text.__vector_1
                0x0000078c       0xd8 TinyTimber.o
                0x0000078c                __vector_1
 .text.__vector_2
                0x00000864       0xd8 TinyTimber.o
                0x00000864                __vector_2
 .text.__vector_3
                0x0000093c       0xd8 TinyTimber.o
                0x0000093c                __vector_3
 .text.__vector_4
                0x00000a14       0xd8 TinyTimber.o
                0x00000a14                __vector_4
 .text.__vector_5
                0x00000aec       0xd8 TinyTimber.o
                0x00000aec                __vector_5
 .text.__vector_10
                0x00000bc4       0xd8 TinyTimber.o
                0x00000bc4                __vector_10
 .text.__vector_11
                0x00000c9c       0xd8 TinyTimber.o
                0x00000c9c                __vector_11
 .text.__vector_12
                0x00000d74       0xd8 TinyTimber.o
                0x00000d74                __vector_12
 .text.__vector_13
                0x00000e4c       0xd8 TinyTimber.o
                0x00000e4c                __vector_13
 .text.__vector_14
                0x00000f24       0xd8 TinyTimber.o
                0x00000f24                __vector_14
 .text.__vector_15
                0x00000ffc       0xd8 TinyTimber.o
                0x00000ffc                __vector_15
 .text.__vector_16
                0x000010d4       0xd8 TinyTimber.o
                0x000010d4                __vector_16
 .text.__vector_17
                0x000011ac       0xd8 TinyTimber.o
                0x000011ac                __vector_17
 .text.__vector_18
                0x00001284       0xd8 TinyTimber.o
                0x00001284                __vector_18
 .text.__vector_19
                0x0000135c       0xd8 TinyTimber.o
                0x0000135c                __vector_19
 .text.__vector_20
                0x00001434       0xd8 TinyTimber.o
                0x00001434                __vector_20
 .text.__vector_21
                0x0000150c       0xd8 TinyTimber.o
                0x0000150c                __vector_21
 .text.__vector_22
                0x000015e4       0xd8 TinyTimber.o
                0x000015e4                __vector_22
 .text.enqueueByDeadline
                0x000016bc       0x86 TinyTimber.o
                0x000016bc                enqueueByDeadline
 .text.enqueueByBaseline
                0x00001742       0x86 TinyTimber.o
                0x00001742                enqueueByBaseline
 .text.dequeue  0x000017c8       0x2e TinyTimber.o
                0x000017c8                dequeue
 .text.__vector_9
                0x000017f6       0xa4 TinyTimber.o
                0x000017f6                __vector_9
 .text.__vector_7
                0x0000189a      0x16a TinyTimber.o
                0x0000189a                __vector_7
 .text.async    0x00001a04      0x222 TinyTimber.o
                0x00001a04                async
 .text.sync     0x00001c26      0x11a TinyTimber.o
                0x00001c26                sync
 .text.run      0x00001d40       0xdc TinyTimber.o
 .text.tinytimber
                0x00001e1c       0x38 TinyTimber.o
                0x00001e1c                tinytimber
 .text.USART_Receive
                0x00001e54       0x10 USART.o
                0x00001e54                USART_Receive
 .text.mainUSARTLoop
                0x00001e64       0x54 USART.o
                0x00001e64                mainUSARTLoop
 .text.usart_init
                0x00001eb8       0x1a USART.o
                0x00001eb8                usart_init
 .text.libgcc.div
                0x00001ed2       0x18 c:/program files (x86)/atmel/studio/7.0/toolchain/avr8/avr8-gnu-toolchain/bin/../lib/gcc/avr/5.4.0/avr5\libgcc.a(_udivmodqi4.o)
                0x00001ed2                __udivmodqi4
 .text.libgcc.div
                0x00001eea       0x2e c:/program files (x86)/atmel/studio/7.0/toolchain/avr8/avr8-gnu-toolchain/bin/../lib/gcc/avr/5.4.0/avr5\libgcc.a(_divmodsi4.o)
                0x00001eea                __divmodsi4
 .text.libgcc.div
                0x00001f18       0x10 c:/program files (x86)/atmel/studio/7.0/toolchain/avr8/avr8-gnu-toolchain/bin/../lib/gcc/avr/5.4.0/avr5\libgcc.a(_negsi2.o)
                0x00001f18                __negsi2
 .text.libgcc   0x00001f28        0xc c:/program files (x86)/atmel/studio/7.0/toolchain/avr8/avr8-gnu-toolchain/bin/../lib/gcc/avr/5.4.0/avr5\libgcc.a(_tablejump2.o)
                0x00001f28                __tablejump2__
 .text.libgcc.div
                0x00001f34       0x44 c:/program files (x86)/atmel/studio/7.0/toolchain/avr8/avr8-gnu-toolchain/bin/../lib/gcc/avr/5.4.0/avr5\libgcc.a(_udivmodsi4.o)
                0x00001f34                __udivmodsi4
 .text.avr-libc
                0x00001f78       0x82 c:/program files (x86)/atmel/studio/7.0/toolchain/avr8/avr8-gnu-toolchain/bin/../lib/gcc/avr/5.4.0/../../../../avr/lib/avr5\libc.a(setjmp.o)
                0x00001f78                setjmp
                0x00001fb8                longjmp
                0x00001ffa                . = ALIGN (0x2)
 *(.fini9)
 .fini9         0x00001ffa        0x0 c:/program files (x86)/atmel/studio/7.0/toolchain/avr8/avr8-gnu-toolchain/bin/../lib/gcc/avr/5.4.0/avr5\libgcc.a(_exit.o)
                0x00001ffa                _exit
                0x00001ffa                exit
 *(.fini9)
 *(.fini8)
 *(.fini8)
 *(.fini7)
 *(.fini7)
 *(.fini6)
 *(.fini6)
 *(.fini5)
 *(.fini5)
 *(.fini4)
 *(.fini4)
 *(.fini3)
 *(.fini3)
 *(.fini2)
 *(.fini2)
 *(.fini1)
 *(.fini1)
 *(.fini0)
 .fini0         0x00001ffa        0x4 c:/program files (x86)/atmel/studio/7.0/toolchain/avr8/avr8-gnu-toolchain/bin/../lib/gcc/avr/5.4.0/avr5\libgcc.a(_exit.o)
 *(.fini0)
                0x00001ffe                _etext = .

.data           0x00800100       0x58 load address 0x00001ffe
                0x00800100                PROVIDE (__data_start, .)
 *(.data)
 *(.data*)
 .data.nine     0x00800100        0x8 gui.o
                0x00800100                nine
 .data.eight    0x00800108        0x8 gui.o
                0x00800108                eight
 .data.seven    0x00800110        0x8 gui.o
                0x00800110                seven
 .data.six      0x00800118        0x8 gui.o
                0x00800118                six
 .data.five     0x00800120        0x8 gui.o
                0x00800120                five
 .data.four     0x00800128        0x8 gui.o
                0x00800128                four
 .data.three    0x00800130        0x8 gui.o
                0x00800130                three
 .data.two      0x00800138        0x8 gui.o
                0x00800138                two
 .data.one      0x00800140        0x8 gui.o
                0x00800140                one
 .data.zero     0x00800148        0x8 gui.o
                0x00800148                zero
 .data.current  0x00800150        0x2 TinyTimber.o
                0x00800150                current
 .data.activeStack
                0x00800152        0x2 TinyTimber.o
                0x00800152                activeStack
 .data.threadPool
                0x00800154        0x2 TinyTimber.o
                0x00800154                threadPool
 .data.msgPool  0x00800156        0x2 TinyTimber.o
                0x00800156                msgPool
 *(.gnu.linkonce.d*)
 *(.rodata)
 *(.rodata*)
 *(.gnu.linkonce.r*)
                0x00800158                . = ALIGN (0x2)
                0x00800158                _edata = .
                0x00800158                PROVIDE (__data_end, .)

.bss            0x00800158      0x35b
                0x00800158                PROVIDE (__bss_start, .)
 *(.bss)
 *(.bss*)
 .bss.none      0x00800158        0x8 gui.o
                0x00800158                none
 .bss.overflows
                0x00800160        0x2 TinyTimber.o
                0x00800160                overflows
 .bss.timestamp
                0x00800162        0x4 TinyTimber.o
                0x00800162                timestamp
 .bss.timerQ    0x00800166        0x2 TinyTimber.o
                0x00800166                timerQ
 .bss.msgQ      0x00800168        0x2 TinyTimber.o
                0x00800168                msgQ
 *(COMMON)
 COMMON         0x0080016a      0x349 TinyTimber.o
                0x0080016a                otable
                0x0080018e                threads
                0x00800202                mtable
                0x00800226                thread0
                0x00800243                messages
                0x00800333                stacks
                0x008004b3                PROVIDE (__bss_end, .)
                0x00001ffe                __data_load_start = LOADADDR (.data)
                0x00002056                __data_load_end = (__data_load_start + SIZEOF (.data))

.noinit         0x008004b3        0x0
                [!provide]                PROVIDE (__noinit_start, .)
 *(.noinit*)
                [!provide]                PROVIDE (__noinit_end, .)
                0x008004b3                _end = .
                [!provide]                PROVIDE (__heap_start, .)

.eeprom         0x00810000        0x0
 *(.eeprom*)
                0x00810000                __eeprom_end = .

.fuse
 *(.fuse)
 *(.lfuse)
 *(.hfuse)
 *(.efuse)

.lock
 *(.lock*)

.signature
 *(.signature*)

.user_signatures
 *(.user_signatures*)

.stab
 *(.stab)

.stabstr
 *(.stabstr)

.stab.excl
 *(.stab.excl)

.stab.exclstr
 *(.stab.exclstr)

.stab.index
 *(.stab.index)

.stab.indexstr
 *(.stab.indexstr)

.comment        0x00000000       0x30
 *(.comment)
 .comment       0x00000000       0x30 backend.o
                                 0x31 (size before relaxing)
 .comment       0x00000030       0x31 gui.o
 .comment       0x00000030       0x31 main.o
 .comment       0x00000030       0x31 TinyTimber.o
 .comment       0x00000030       0x31 USART.o

.note.gnu.avr.deviceinfo
                0x00000000       0x40
 .note.gnu.avr.deviceinfo
                0x00000000       0x40 C:/Program Files (x86)/Atmel/Studio/7.0/Packs/Atmel/ATmega_DFP/1.6.364/gcc/dev/atmega169p/avr5/crtatmega169p.o

.note.gnu.build-id
 *(.note.gnu.build-id)

.debug
 *(.debug)

.line
 *(.line)

.debug_srcinfo
 *(.debug_srcinfo)

.debug_sfnames
 *(.debug_sfnames)

.debug_aranges  0x00000000      0x240
 *(.debug_aranges)
 .debug_aranges
                0x00000000       0x58 backend.o
 .debug_aranges
                0x00000058       0x40 gui.o
 .debug_aranges
                0x00000098       0x20 main.o
 .debug_aranges
                0x000000b8      0x150 TinyTimber.o
 .debug_aranges
                0x00000208       0x38 USART.o

.debug_pubnames
 *(.debug_pubnames)

.debug_info     0x00000000     0x26d0
 *(.debug_info .gnu.linkonce.wi.*)
 .debug_info    0x00000000      0x7b6 C:/Program Files (x86)/Atmel/Studio/7.0/Packs/Atmel/ATmega_DFP/1.6.364/gcc/dev/atmega169p/avr5/crtatmega169p.o
 .debug_info    0x000007b6      0x5d2 backend.o
 .debug_info    0x00000d88      0x28a gui.o
 .debug_info    0x00001012      0x248 main.o
 .debug_info    0x0000125a     0x11de TinyTimber.o
 .debug_info    0x00002438      0x298 USART.o

.debug_abbrev   0x00000000      0xfb0
 *(.debug_abbrev)
 .debug_abbrev  0x00000000      0x74b C:/Program Files (x86)/Atmel/Studio/7.0/Packs/Atmel/ATmega_DFP/1.6.364/gcc/dev/atmega169p/avr5/crtatmega169p.o
 .debug_abbrev  0x0000074b      0x11f backend.o
 .debug_abbrev  0x0000086a      0x13c gui.o
 .debug_abbrev  0x000009a6       0xf2 main.o
 .debug_abbrev  0x00000a98      0x407 TinyTimber.o
 .debug_abbrev  0x00000e9f      0x111 USART.o

.debug_line     0x00000000     0x15a5
 *(.debug_line .debug_line.* .debug_line_end)
 .debug_line    0x00000000      0x122 C:/Program Files (x86)/Atmel/Studio/7.0/Packs/Atmel/ATmega_DFP/1.6.364/gcc/dev/atmega169p/avr5/crtatmega169p.o
 .debug_line    0x00000122      0x24d backend.o
 .debug_line    0x0000036f      0x249 gui.o
 .debug_line    0x000005b8       0xf0 main.o
 .debug_line    0x000006a8      0xd7f TinyTimber.o
 .debug_line    0x00001427      0x17e USART.o

.debug_frame    0x00000000      0xb94
 *(.debug_frame)
 .debug_frame   0x00000000      0x118 backend.o
 .debug_frame   0x00000118       0xa0 gui.o
 .debug_frame   0x000001b8       0x34 main.o
 .debug_frame   0x000001ec      0x948 TinyTimber.o
 .debug_frame   0x00000b34       0x60 USART.o

.debug_str      0x00000000      0xa5f
 *(.debug_str)
 .debug_str     0x00000000      0x2b3 C:/Program Files (x86)/Atmel/Studio/7.0/Packs/Atmel/ATmega_DFP/1.6.364/gcc/dev/atmega169p/avr5/crtatmega169p.o
 .debug_str     0x000002b3      0x2a2 backend.o
                                0x2e5 (size before relaxing)
 .debug_str     0x00000555       0x81 gui.o
                                0x21b (size before relaxing)
 .debug_str     0x000005d6       0x38 main.o
                                0x252 (size before relaxing)
 .debug_str     0x0000060e      0x40f TinyTimber.o
                                0x58c (size before relaxing)
 .debug_str     0x00000a1d       0x42 USART.o
                                0x292 (size before relaxing)

.debug_loc      0x00000000     0x2731
 *(.debug_loc)
 .debug_loc     0x00000000      0x304 backend.o
 .debug_loc     0x00000304      0x3cc gui.o
 .debug_loc     0x000006d0       0x47 main.o
 .debug_loc     0x00000717     0x1f69 TinyTimber.o
 .debug_loc     0x00002680       0xb1 USART.o

.debug_macinfo
 *(.debug_macinfo)

.debug_weaknames
 *(.debug_weaknames)

.debug_funcnames
 *(.debug_funcnames)

.debug_typenames
 *(.debug_typenames)

.debug_varnames
 *(.debug_varnames)

.debug_pubtypes
 *(.debug_pubtypes)

.debug_ranges   0x00000000      0x1f0
 *(.debug_ranges)
 .debug_ranges  0x00000000       0x48 backend.o
 .debug_ranges  0x00000048       0x30 gui.o
 .debug_ranges  0x00000078       0x10 main.o
 .debug_ranges  0x00000088      0x140 TinyTimber.o
 .debug_ranges  0x000001c8       0x28 USART.o

.debug_macro
 *(.debug_macro)
OUTPUT(controller.elf elf32-avr)
LOAD linker stubs
