Archive member included to satisfy reference by file (symbol)

c:/program files (x86)/atmel/studio/7.0/toolchain/avr8/avr8-gnu-toolchain/bin/../lib/gcc/avr/5.4.0/avr5\libgcc.a(_exit.o)
                              C:/Program Files (x86)/Atmel/Studio/7.0/Packs/atmel/ATmega_DFP/1.6.364/gcc/dev/atmega169p/avr5/crtatmega169p.o (exit)
c:/program files (x86)/atmel/studio/7.0/toolchain/avr8/avr8-gnu-toolchain/bin/../lib/gcc/avr/5.4.0/avr5\libgcc.a(_tablejump2.o)
                              GUI.o (__tablejump2__)
c:/program files (x86)/atmel/studio/7.0/toolchain/avr8/avr8-gnu-toolchain/bin/../lib/gcc/avr/5.4.0/avr5\libgcc.a(_copy_data.o)
                              GUI.o (__do_copy_data)
c:/program files (x86)/atmel/studio/7.0/toolchain/avr8/avr8-gnu-toolchain/bin/../lib/gcc/avr/5.4.0/avr5\libgcc.a(_clear_bss.o)
                              GUI.o (__do_clear_bss)
c:/program files (x86)/atmel/studio/7.0/toolchain/avr8/avr8-gnu-toolchain/bin/../lib/gcc/avr/5.4.0/avr5\libgcc.a(_umulhisi3.o)
                              GUI.o (__umulhisi3)
c:/program files (x86)/atmel/studio/7.0/toolchain/avr8/avr8-gnu-toolchain/bin/../lib/gcc/avr/5.4.0/../../../../avr/lib/avr5\libc.a(setjmp.o)
                              TinyTimber.o (setjmp)

Allocating common symbols
Common symbol       size              file

otable              0x24              TinyTimber.o
threads             0x74              TinyTimber.o
mtable              0x24              TinyTimber.o
thread0             0x1d              TinyTimber.o
messages            0xf0              TinyTimber.o
stacks              0x180             TinyTimber.o

Discarded input sections

 .data          0x00000000        0x0 C:/Program Files (x86)/Atmel/Studio/7.0/Packs/atmel/ATmega_DFP/1.6.364/gcc/dev/atmega169p/avr5/crtatmega169p.o
 .bss           0x00000000        0x0 C:/Program Files (x86)/Atmel/Studio/7.0/Packs/atmel/ATmega_DFP/1.6.364/gcc/dev/atmega169p/avr5/crtatmega169p.o
 .text          0x00000000        0x0 Backend.o
 .data          0x00000000        0x0 Backend.o
 .bss           0x00000000        0x0 Backend.o
 .text.receiveE
                0x00000000        0x2 Backend.o
 .text          0x00000000        0x0 GUI.o
 .data          0x00000000        0x0 GUI.o
 .bss           0x00000000        0x0 GUI.o
 .data.all      0x00000000        0x8 GUI.o
 .text          0x00000000        0x0 InterruptHandler.o
 .data          0x00000000        0x0 InterruptHandler.o
 .bss           0x00000000        0x0 InterruptHandler.o
 .text.regEmptyInterrupt
                0x00000000       0x4a InterruptHandler.o
 .text          0x00000000        0x0 Lights.o
 .data          0x00000000        0x0 Lights.o
 .bss           0x00000000        0x0 Lights.o
 .text.redSouthBound
                0x00000000       0x1e Lights.o
 .text.redNorthBound
                0x00000000       0x1e Lights.o
 .text          0x00000000        0x0 main.o
 .data          0x00000000        0x0 main.o
 .bss           0x00000000        0x0 main.o
 .text.init     0x00000000       0x3e main.o
 .text          0x00000000        0x0 Road.o
 .data          0x00000000        0x0 Road.o
 .bss           0x00000000        0x0 Road.o
 .text.cycle    0x00000000      0x21c Road.o
 .text.driveNorth
                0x00000000       0xa4 Road.o
 .text.driveSouth
                0x00000000       0xa4 Road.o
 .text.redBoth  0x00000000       0xac Road.o
 .text          0x00000000        0x0 TinyTimber.o
 .data          0x00000000        0x0 TinyTimber.o
 .bss           0x00000000        0x0 TinyTimber.o
 .text.enqueueByDeadline
                0x00000000       0x8c TinyTimber.o
 .text.enqueueByBaseline
                0x00000000       0x8c TinyTimber.o
 .text.dequeue  0x00000000       0x1c TinyTimber.o
 .text.insert   0x00000000       0x14 TinyTimber.o
 .text.push     0x00000000       0x14 TinyTimber.o
 .text.pop      0x00000000       0x14 TinyTimber.o
 .text.T_RESET  0x00000000       0x44 TinyTimber.o
 .text.T_SAMPLE
                0x00000000       0x54 TinyTimber.o
 .text.CURRENT_OFFSET
                0x00000000       0x84 TinyTimber.o
 .text          0x00000000        0x0 c:/program files (x86)/atmel/studio/7.0/toolchain/avr8/avr8-gnu-toolchain/bin/../lib/gcc/avr/5.4.0/avr5\libgcc.a(_exit.o)
 .data          0x00000000        0x0 c:/program files (x86)/atmel/studio/7.0/toolchain/avr8/avr8-gnu-toolchain/bin/../lib/gcc/avr/5.4.0/avr5\libgcc.a(_exit.o)
 .bss           0x00000000        0x0 c:/program files (x86)/atmel/studio/7.0/toolchain/avr8/avr8-gnu-toolchain/bin/../lib/gcc/avr/5.4.0/avr5\libgcc.a(_exit.o)
 .text.libgcc.mul
                0x00000000        0x0 c:/program files (x86)/atmel/studio/7.0/toolchain/avr8/avr8-gnu-toolchain/bin/../lib/gcc/avr/5.4.0/avr5\libgcc.a(_exit.o)
 .text.libgcc.div
                0x00000000        0x0 c:/program files (x86)/atmel/studio/7.0/toolchain/avr8/avr8-gnu-toolchain/bin/../lib/gcc/avr/5.4.0/avr5\libgcc.a(_exit.o)
 .text.libgcc   0x00000000        0x0 c:/program files (x86)/atmel/studio/7.0/toolchain/avr8/avr8-gnu-toolchain/bin/../lib/gcc/avr/5.4.0/avr5\libgcc.a(_exit.o)
 .text.libgcc.prologue
                0x00000000        0x0 c:/program files (x86)/atmel/studio/7.0/toolchain/avr8/avr8-gnu-toolchain/bin/../lib/gcc/avr/5.4.0/avr5\libgcc.a(_exit.o)
 .text.libgcc.builtins
                0x00000000        0x0 c:/program files (x86)/atmel/studio/7.0/toolchain/avr8/avr8-gnu-toolchain/bin/../lib/gcc/avr/5.4.0/avr5\libgcc.a(_exit.o)
 .text.libgcc.fmul
                0x00000000        0x0 c:/program files (x86)/atmel/studio/7.0/toolchain/avr8/avr8-gnu-toolchain/bin/../lib/gcc/avr/5.4.0/avr5\libgcc.a(_exit.o)
 .text.libgcc.fixed
                0x00000000        0x0 c:/program files (x86)/atmel/studio/7.0/toolchain/avr8/avr8-gnu-toolchain/bin/../lib/gcc/avr/5.4.0/avr5\libgcc.a(_exit.o)
 .text          0x00000000        0x0 c:/program files (x86)/atmel/studio/7.0/toolchain/avr8/avr8-gnu-toolchain/bin/../lib/gcc/avr/5.4.0/avr5\libgcc.a(_tablejump2.o)
 .data          0x00000000        0x0 c:/program files (x86)/atmel/studio/7.0/toolchain/avr8/avr8-gnu-toolchain/bin/../lib/gcc/avr/5.4.0/avr5\libgcc.a(_tablejump2.o)
 .bss           0x00000000        0x0 c:/program files (x86)/atmel/studio/7.0/toolchain/avr8/avr8-gnu-toolchain/bin/../lib/gcc/avr/5.4.0/avr5\libgcc.a(_tablejump2.o)
 .text.libgcc.mul
                0x00000000        0x0 c:/program files (x86)/atmel/studio/7.0/toolchain/avr8/avr8-gnu-toolchain/bin/../lib/gcc/avr/5.4.0/avr5\libgcc.a(_tablejump2.o)
 .text.libgcc.div
                0x00000000        0x0 c:/program files (x86)/atmel/studio/7.0/toolchain/avr8/avr8-gnu-toolchain/bin/../lib/gcc/avr/5.4.0/avr5\libgcc.a(_tablejump2.o)
 .text.libgcc.prologue
                0x00000000        0x0 c:/program files (x86)/atmel/studio/7.0/toolchain/avr8/avr8-gnu-toolchain/bin/../lib/gcc/avr/5.4.0/avr5\libgcc.a(_tablejump2.o)
 .text.libgcc.builtins
                0x00000000        0x0 c:/program files (x86)/atmel/studio/7.0/toolchain/avr8/avr8-gnu-toolchain/bin/../lib/gcc/avr/5.4.0/avr5\libgcc.a(_tablejump2.o)
 .text.libgcc.fmul
                0x00000000        0x0 c:/program files (x86)/atmel/studio/7.0/toolchain/avr8/avr8-gnu-toolchain/bin/../lib/gcc/avr/5.4.0/avr5\libgcc.a(_tablejump2.o)
 .text.libgcc.fixed
                0x00000000        0x0 c:/program files (x86)/atmel/studio/7.0/toolchain/avr8/avr8-gnu-toolchain/bin/../lib/gcc/avr/5.4.0/avr5\libgcc.a(_tablejump2.o)
 .text          0x00000000        0x0 c:/program files (x86)/atmel/studio/7.0/toolchain/avr8/avr8-gnu-toolchain/bin/../lib/gcc/avr/5.4.0/avr5\libgcc.a(_copy_data.o)
 .data          0x00000000        0x0 c:/program files (x86)/atmel/studio/7.0/toolchain/avr8/avr8-gnu-toolchain/bin/../lib/gcc/avr/5.4.0/avr5\libgcc.a(_copy_data.o)
 .bss           0x00000000        0x0 c:/program files (x86)/atmel/studio/7.0/toolchain/avr8/avr8-gnu-toolchain/bin/../lib/gcc/avr/5.4.0/avr5\libgcc.a(_copy_data.o)
 .text.libgcc.mul
                0x00000000        0x0 c:/program files (x86)/atmel/studio/7.0/toolchain/avr8/avr8-gnu-toolchain/bin/../lib/gcc/avr/5.4.0/avr5\libgcc.a(_copy_data.o)
 .text.libgcc.div
                0x00000000        0x0 c:/program files (x86)/atmel/studio/7.0/toolchain/avr8/avr8-gnu-toolchain/bin/../lib/gcc/avr/5.4.0/avr5\libgcc.a(_copy_data.o)
 .text.libgcc   0x00000000        0x0 c:/program files (x86)/atmel/studio/7.0/toolchain/avr8/avr8-gnu-toolchain/bin/../lib/gcc/avr/5.4.0/avr5\libgcc.a(_copy_data.o)
 .text.libgcc.prologue
                0x00000000        0x0 c:/program files (x86)/atmel/studio/7.0/toolchain/avr8/avr8-gnu-toolchain/bin/../lib/gcc/avr/5.4.0/avr5\libgcc.a(_copy_data.o)
 .text.libgcc.builtins
                0x00000000        0x0 c:/program files (x86)/atmel/studio/7.0/toolchain/avr8/avr8-gnu-toolchain/bin/../lib/gcc/avr/5.4.0/avr5\libgcc.a(_copy_data.o)
 .text.libgcc.fmul
                0x00000000        0x0 c:/program files (x86)/atmel/studio/7.0/toolchain/avr8/avr8-gnu-toolchain/bin/../lib/gcc/avr/5.4.0/avr5\libgcc.a(_copy_data.o)
 .text.libgcc.fixed
                0x00000000        0x0 c:/program files (x86)/atmel/studio/7.0/toolchain/avr8/avr8-gnu-toolchain/bin/../lib/gcc/avr/5.4.0/avr5\libgcc.a(_copy_data.o)
 .text          0x00000000        0x0 c:/program files (x86)/atmel/studio/7.0/toolchain/avr8/avr8-gnu-toolchain/bin/../lib/gcc/avr/5.4.0/avr5\libgcc.a(_clear_bss.o)
 .data          0x00000000        0x0 c:/program files (x86)/atmel/studio/7.0/toolchain/avr8/avr8-gnu-toolchain/bin/../lib/gcc/avr/5.4.0/avr5\libgcc.a(_clear_bss.o)
 .bss           0x00000000        0x0 c:/program files (x86)/atmel/studio/7.0/toolchain/avr8/avr8-gnu-toolchain/bin/../lib/gcc/avr/5.4.0/avr5\libgcc.a(_clear_bss.o)
 .text.libgcc.mul
                0x00000000        0x0 c:/program files (x86)/atmel/studio/7.0/toolchain/avr8/avr8-gnu-toolchain/bin/../lib/gcc/avr/5.4.0/avr5\libgcc.a(_clear_bss.o)
 .text.libgcc.div
                0x00000000        0x0 c:/program files (x86)/atmel/studio/7.0/toolchain/avr8/avr8-gnu-toolchain/bin/../lib/gcc/avr/5.4.0/avr5\libgcc.a(_clear_bss.o)
 .text.libgcc   0x00000000        0x0 c:/program files (x86)/atmel/studio/7.0/toolchain/avr8/avr8-gnu-toolchain/bin/../lib/gcc/avr/5.4.0/avr5\libgcc.a(_clear_bss.o)
 .text.libgcc.prologue
                0x00000000        0x0 c:/program files (x86)/atmel/studio/7.0/toolchain/avr8/avr8-gnu-toolchain/bin/../lib/gcc/avr/5.4.0/avr5\libgcc.a(_clear_bss.o)
 .text.libgcc.builtins
                0x00000000        0x0 c:/program files (x86)/atmel/studio/7.0/toolchain/avr8/avr8-gnu-toolchain/bin/../lib/gcc/avr/5.4.0/avr5\libgcc.a(_clear_bss.o)
 .text.libgcc.fmul
                0x00000000        0x0 c:/program files (x86)/atmel/studio/7.0/toolchain/avr8/avr8-gnu-toolchain/bin/../lib/gcc/avr/5.4.0/avr5\libgcc.a(_clear_bss.o)
 .text.libgcc.fixed
                0x00000000        0x0 c:/program files (x86)/atmel/studio/7.0/toolchain/avr8/avr8-gnu-toolchain/bin/../lib/gcc/avr/5.4.0/avr5\libgcc.a(_clear_bss.o)
 .text          0x00000000        0x0 c:/program files (x86)/atmel/studio/7.0/toolchain/avr8/avr8-gnu-toolchain/bin/../lib/gcc/avr/5.4.0/avr5\libgcc.a(_umulhisi3.o)
 .data          0x00000000        0x0 c:/program files (x86)/atmel/studio/7.0/toolchain/avr8/avr8-gnu-toolchain/bin/../lib/gcc/avr/5.4.0/avr5\libgcc.a(_umulhisi3.o)
 .bss           0x00000000        0x0 c:/program files (x86)/atmel/studio/7.0/toolchain/avr8/avr8-gnu-toolchain/bin/../lib/gcc/avr/5.4.0/avr5\libgcc.a(_umulhisi3.o)
 .text.libgcc.div
                0x00000000        0x0 c:/program files (x86)/atmel/studio/7.0/toolchain/avr8/avr8-gnu-toolchain/bin/../lib/gcc/avr/5.4.0/avr5\libgcc.a(_umulhisi3.o)
 .text.libgcc   0x00000000        0x0 c:/program files (x86)/atmel/studio/7.0/toolchain/avr8/avr8-gnu-toolchain/bin/../lib/gcc/avr/5.4.0/avr5\libgcc.a(_umulhisi3.o)
 .text.libgcc.prologue
                0x00000000        0x0 c:/program files (x86)/atmel/studio/7.0/toolchain/avr8/avr8-gnu-toolchain/bin/../lib/gcc/avr/5.4.0/avr5\libgcc.a(_umulhisi3.o)
 .text.libgcc.builtins
                0x00000000        0x0 c:/program files (x86)/atmel/studio/7.0/toolchain/avr8/avr8-gnu-toolchain/bin/../lib/gcc/avr/5.4.0/avr5\libgcc.a(_umulhisi3.o)
 .text.libgcc.fmul
                0x00000000        0x0 c:/program files (x86)/atmel/studio/7.0/toolchain/avr8/avr8-gnu-toolchain/bin/../lib/gcc/avr/5.4.0/avr5\libgcc.a(_umulhisi3.o)
 .text.libgcc.fixed
                0x00000000        0x0 c:/program files (x86)/atmel/studio/7.0/toolchain/avr8/avr8-gnu-toolchain/bin/../lib/gcc/avr/5.4.0/avr5\libgcc.a(_umulhisi3.o)
 .text          0x00000000        0x0 c:/program files (x86)/atmel/studio/7.0/toolchain/avr8/avr8-gnu-toolchain/bin/../lib/gcc/avr/5.4.0/../../../../avr/lib/avr5\libc.a(setjmp.o)
 .data          0x00000000        0x0 c:/program files (x86)/atmel/studio/7.0/toolchain/avr8/avr8-gnu-toolchain/bin/../lib/gcc/avr/5.4.0/../../../../avr/lib/avr5\libc.a(setjmp.o)
 .bss           0x00000000        0x0 c:/program files (x86)/atmel/studio/7.0/toolchain/avr8/avr8-gnu-toolchain/bin/../lib/gcc/avr/5.4.0/../../../../avr/lib/avr5\libc.a(setjmp.o)

Memory Configuration

Name             Origin             Length             Attributes
text             0x00000000         0x00004000         xr
data             0x00800100         0x00000400         rw !x
eeprom           0x00810000         0x00000200         rw !x
fuse             0x00820000         0x00000003         rw !x
lock             0x00830000         0x00000400         rw !x
signature        0x00840000         0x00000400         rw !x
user_signatures  0x00850000         0x00000400         rw !x
*default*        0x00000000         0xffffffff

Linker script and memory map

Address of section .data set to 0x800100
LOAD C:/Program Files (x86)/Atmel/Studio/7.0/Packs/atmel/ATmega_DFP/1.6.364/gcc/dev/atmega169p/avr5/crtatmega169p.o
LOAD Backend.o
LOAD GUI.o
LOAD InterruptHandler.o
LOAD Lights.o
LOAD main.o
LOAD Road.o
LOAD TinyTimber.o
START GROUP
LOAD c:/program files (x86)/atmel/studio/7.0/toolchain/avr8/avr8-gnu-toolchain/bin/../lib/gcc/avr/5.4.0/../../../../avr/lib/avr5\libm.a
END GROUP
START GROUP
LOAD c:/program files (x86)/atmel/studio/7.0/toolchain/avr8/avr8-gnu-toolchain/bin/../lib/gcc/avr/5.4.0/avr5\libgcc.a
LOAD c:/program files (x86)/atmel/studio/7.0/toolchain/avr8/avr8-gnu-toolchain/bin/../lib/gcc/avr/5.4.0/../../../../avr/lib/avr5\libm.a
LOAD c:/program files (x86)/atmel/studio/7.0/toolchain/avr8/avr8-gnu-toolchain/bin/../lib/gcc/avr/5.4.0/../../../../avr/lib/avr5\libc.a
LOAD C:/Program Files (x86)/Atmel/Studio/7.0/Packs/atmel/ATmega_DFP/1.6.364/gcc/dev/atmega169p/avr5\libatmega169p.a
END GROUP
                0x00000000                __TEXT_REGION_ORIGIN__ = DEFINED (__TEXT_REGION_ORIGIN__)?__TEXT_REGION_ORIGIN__:0x0
                [0x00800100]                __DATA_REGION_ORIGIN__ = DEFINED (__DATA_REGION_ORIGIN__)?__DATA_REGION_ORIGIN__:0x800060
                [0x00004000]                __TEXT_REGION_LENGTH__ = DEFINED (__TEXT_REGION_LENGTH__)?__TEXT_REGION_LENGTH__:0x20000
                [0x00000400]                __DATA_REGION_LENGTH__ = DEFINED (__DATA_REGION_LENGTH__)?__DATA_REGION_LENGTH__:0xffa0
                [0x00000200]                __EEPROM_REGION_LENGTH__ = DEFINED (__EEPROM_REGION_LENGTH__)?__EEPROM_REGION_LENGTH__:0x10000
                [0x00000003]                __FUSE_REGION_LENGTH__ = DEFINED (__FUSE_REGION_LENGTH__)?__FUSE_REGION_LENGTH__:0x400
                0x00000400                __LOCK_REGION_LENGTH__ = DEFINED (__LOCK_REGION_LENGTH__)?__LOCK_REGION_LENGTH__:0x400
                0x00000400                __SIGNATURE_REGION_LENGTH__ = DEFINED (__SIGNATURE_REGION_LENGTH__)?__SIGNATURE_REGION_LENGTH__:0x400
                0x00000400                __USER_SIGNATURE_REGION_LENGTH__ = DEFINED (__USER_SIGNATURE_REGION_LENGTH__)?__USER_SIGNATURE_REGION_LENGTH__:0x400

.hash
 *(.hash)

.dynsym
 *(.dynsym)

.dynstr
 *(.dynstr)

.gnu.version
 *(.gnu.version)

.gnu.version_d
 *(.gnu.version_d)

.gnu.version_r
 *(.gnu.version_r)

.rel.init
 *(.rel.init)

.rela.init
 *(.rela.init)

.rel.text
 *(.rel.text)
 *(.rel.text.*)
 *(.rel.gnu.linkonce.t*)

.rela.text
 *(.rela.text)
 *(.rela.text.*)
 *(.rela.gnu.linkonce.t*)

.rel.fini
 *(.rel.fini)

.rela.fini
 *(.rela.fini)

.rel.rodata
 *(.rel.rodata)
 *(.rel.rodata.*)
 *(.rel.gnu.linkonce.r*)

.rela.rodata
 *(.rela.rodata)
 *(.rela.rodata.*)
 *(.rela.gnu.linkonce.r*)

.rel.data
 *(.rel.data)
 *(.rel.data.*)
 *(.rel.gnu.linkonce.d*)

.rela.data
 *(.rela.data)
 *(.rela.data.*)
 *(.rela.gnu.linkonce.d*)

.rel.ctors
 *(.rel.ctors)

.rela.ctors
 *(.rela.ctors)

.rel.dtors
 *(.rel.dtors)

.rela.dtors
 *(.rela.dtors)

.rel.got
 *(.rel.got)

.rela.got
 *(.rela.got)

.rel.bss
 *(.rel.bss)

.rela.bss
 *(.rela.bss)

.rel.plt
 *(.rel.plt)

.rela.plt
 *(.rela.plt)

.text           0x00000000     0x32d0
 *(.vectors)
 .vectors       0x00000000       0x5c C:/Program Files (x86)/Atmel/Studio/7.0/Packs/atmel/ATmega_DFP/1.6.364/gcc/dev/atmega169p/avr5/crtatmega169p.o
                0x00000000                __vector_default
                0x00000000                __vectors
 *(.vectors)
 *(.progmem.gcc*)
 .progmem.gcc_sw_table.writeChar
                0x0000005c       0x3c GUI.o
                0x00000098                . = ALIGN (0x2)
                0x00000098                __trampolines_start = .
 *(.trampolines)
 .trampolines   0x00000098        0x0 linker stubs
 *(.trampolines*)
                0x00000098                __trampolines_end = .
 *libprintf_flt.a:*(.progmem.data)
 *libc.a:*(.progmem.data)
 *(.progmem*)
                0x00000098                . = ALIGN (0x2)
 *(.jumptables)
 *(.jumptables*)
 *(.lowtext)
 *(.lowtext*)
                0x00000098                __ctors_start = .
 *(.ctors)
                0x00000098                __ctors_end = .
                0x00000098                __dtors_start = .
 *(.dtors)
                0x00000098                __dtors_end = .
 SORT(*)(.ctors)
 SORT(*)(.dtors)
 *(.init0)
 .init0         0x00000098        0x0 C:/Program Files (x86)/Atmel/Studio/7.0/Packs/atmel/ATmega_DFP/1.6.364/gcc/dev/atmega169p/avr5/crtatmega169p.o
                0x00000098                __init
 *(.init0)
 *(.init1)
 *(.init1)
 *(.init2)
 .init2         0x00000098        0xc C:/Program Files (x86)/Atmel/Studio/7.0/Packs/atmel/ATmega_DFP/1.6.364/gcc/dev/atmega169p/avr5/crtatmega169p.o
 *(.init2)
 *(.init3)
 *(.init3)
 *(.init4)
 .init4         0x000000a4       0x16 c:/program files (x86)/atmel/studio/7.0/toolchain/avr8/avr8-gnu-toolchain/bin/../lib/gcc/avr/5.4.0/avr5\libgcc.a(_copy_data.o)
                0x000000a4                __do_copy_data
 .init4         0x000000ba       0x10 c:/program files (x86)/atmel/studio/7.0/toolchain/avr8/avr8-gnu-toolchain/bin/../lib/gcc/avr/5.4.0/avr5\libgcc.a(_clear_bss.o)
                0x000000ba                __do_clear_bss
 *(.init4)
 *(.init5)
 *(.init5)
 *(.init6)
 *(.init6)
 *(.init7)
 *(.init7)
 *(.init8)
 *(.init8)
 *(.init9)
 .init9         0x000000ca        0x8 C:/Program Files (x86)/Atmel/Studio/7.0/Packs/atmel/ATmega_DFP/1.6.364/gcc/dev/atmega169p/avr5/crtatmega169p.o
 *(.init9)
 *(.text)
 .text          0x000000d2        0x4 C:/Program Files (x86)/Atmel/Studio/7.0/Packs/atmel/ATmega_DFP/1.6.364/gcc/dev/atmega169p/avr5/crtatmega169p.o
                0x000000d2                __vector_6
                0x000000d2                __vector_8
                0x000000d2                __bad_interrupt
                0x000000d6                . = ALIGN (0x2)
 *(.text.*)
 .text.start    0x000000d6       0x60 Backend.o
                0x000000d6                start
 .text.receiveN
                0x00000136       0x54 Backend.o
                0x00000136                receiveN
 .text.receiveS
                0x0000018a       0x54 Backend.o
                0x0000018a                receiveS
 .text.receiveNtoB
                0x000001de       0x90 Backend.o
                0x000001de                receiveNtoB
 .text.receiveStoB
                0x0000026e       0x90 Backend.o
                0x0000026e                receiveStoB
 .text.writeChar
                0x000002fe      0xf92 GUI.o
                0x000002fe                writeChar
 .text.printAt  0x00001290       0x9a GUI.o
                0x00001290                printAt
 .text.update   0x0000132a       0x52 GUI.o
                0x0000132a                update
 .text.receiveInterrupt
                0x0000137c       0xda InterruptHandler.o
                0x0000137c                receiveInterrupt
 .text.transmitInterrupt
                0x00001456        0x6 InterruptHandler.o
                0x00001456                transmitInterrupt
 .text.greenSouthBound
                0x0000145c       0x22 Lights.o
                0x0000145c                greenSouthBound
 .text.greenNorthBound
                0x0000147e       0x22 Lights.o
                0x0000147e                greenNorthBound
 .text.redBothDirections
                0x000014a0       0x12 Lights.o
                0x000014a0                redBothDirections
 .text.startup.main
                0x000014b2       0x68 main.o
                0x000014b2                main
 .text.updateSignal
                0x0000151a      0x252 Road.o
                0x0000151a                updateSignal
 .text.newNorthBound
                0x0000176c       0x54 Road.o
                0x0000176c                newNorthBound
 .text.newSouthBound
                0x000017c0       0x54 Road.o
                0x000017c0                newSouthBound
 .text.getNorthBound
                0x00001814        0x8 Road.o
                0x00001814                getNorthBound
 .text.getSouthBound
                0x0000181c        0x8 Road.o
                0x0000181c                getSouthBound
 .text.northToBridge
                0x00001824       0x18 Road.o
                0x00001824                northToBridge
 .text.southToBridge
                0x0000183c       0x18 Road.o
                0x0000183c                southToBridge
 .text.getOnBridge
                0x00001854        0x8 Road.o
                0x00001854                getOnBridge
 .text.exitBridge
                0x0000185c       0x10 Road.o
                0x0000185c                exitBridge
 .text.initialize
                0x0000186c       0xd6 TinyTimber.o
 .text.dispatch
                0x00001942       0x40 TinyTimber.o
 .text.schedule
                0x00001982       0x80 TinyTimber.o
 .text.dequeue.part.0
                0x00001a02       0x16 TinyTimber.o
 .text.__vector_1
                0x00001a18       0xd8 TinyTimber.o
                0x00001a18                __vector_1
 .text.__vector_2
                0x00001af0       0xd8 TinyTimber.o
                0x00001af0                __vector_2
 .text.__vector_3
                0x00001bc8       0xd8 TinyTimber.o
                0x00001bc8                __vector_3
 .text.__vector_4
                0x00001ca0       0xd8 TinyTimber.o
                0x00001ca0                __vector_4
 .text.__vector_5
                0x00001d78       0xd8 TinyTimber.o
                0x00001d78                __vector_5
 .text.__vector_10
                0x00001e50       0xd8 TinyTimber.o
                0x00001e50                __vector_10
 .text.__vector_11
                0x00001f28       0xd8 TinyTimber.o
                0x00001f28                __vector_11
 .text.__vector_12
                0x00002000       0xd8 TinyTimber.o
                0x00002000                __vector_12
 .text.__vector_13
                0x000020d8       0xd8 TinyTimber.o
                0x000020d8                __vector_13
 .text.__vector_14
                0x000021b0       0xd8 TinyTimber.o
                0x000021b0                __vector_14
 .text.__vector_15
                0x00002288       0xd8 TinyTimber.o
                0x00002288                __vector_15
 .text.__vector_16
                0x00002360       0xd8 TinyTimber.o
                0x00002360                __vector_16
 .text.__vector_17
                0x00002438       0xd8 TinyTimber.o
                0x00002438                __vector_17
 .text.__vector_18
                0x00002510       0xd8 TinyTimber.o
                0x00002510                __vector_18
 .text.__vector_19
                0x000025e8       0xd8 TinyTimber.o
                0x000025e8                __vector_19
 .text.__vector_20
                0x000026c0       0xd8 TinyTimber.o
                0x000026c0                __vector_20
 .text.__vector_21
                0x00002798       0xd8 TinyTimber.o
                0x00002798                __vector_21
 .text.__vector_22
                0x00002870       0xd8 TinyTimber.o
                0x00002870                __vector_22
 .text.__vector_9
                0x00002948       0xa6 TinyTimber.o
                0x00002948                __vector_9
 .text.__vector_7
                0x000029ee      0x1e0 TinyTimber.o
                0x000029ee                __vector_7
 .text.async    0x00002bce      0x2e0 TinyTimber.o
                0x00002bce                async
 .text.sync     0x00002eae      0x104 TinyTimber.o
                0x00002eae                sync
 .text.run      0x00002fb2       0xf6 TinyTimber.o
 .text.ABORT    0x000030a8      0x10c TinyTimber.o
                0x000030a8                ABORT
 .text.install  0x000031b4       0x34 TinyTimber.o
                0x000031b4                install
 .text.tinytimber
                0x000031e8       0x38 TinyTimber.o
                0x000031e8                tinytimber
 .text.libgcc   0x00003220        0xc c:/program files (x86)/atmel/studio/7.0/toolchain/avr8/avr8-gnu-toolchain/bin/../lib/gcc/avr/5.4.0/avr5\libgcc.a(_tablejump2.o)
                0x00003220                __tablejump2__
 .text.libgcc.mul
                0x0000322c       0x1e c:/program files (x86)/atmel/studio/7.0/toolchain/avr8/avr8-gnu-toolchain/bin/../lib/gcc/avr/5.4.0/avr5\libgcc.a(_umulhisi3.o)
                0x0000322c                __umulhisi3
 .text.avr-libc
                0x0000324a       0x82 c:/program files (x86)/atmel/studio/7.0/toolchain/avr8/avr8-gnu-toolchain/bin/../lib/gcc/avr/5.4.0/../../../../avr/lib/avr5\libc.a(setjmp.o)
                0x0000324a                setjmp
                0x0000328a                longjmp
                0x000032cc                . = ALIGN (0x2)
 *(.fini9)
 .fini9         0x000032cc        0x0 c:/program files (x86)/atmel/studio/7.0/toolchain/avr8/avr8-gnu-toolchain/bin/../lib/gcc/avr/5.4.0/avr5\libgcc.a(_exit.o)
                0x000032cc                _exit
                0x000032cc                exit
 *(.fini9)
 *(.fini8)
 *(.fini8)
 *(.fini7)
 *(.fini7)
 *(.fini6)
 *(.fini6)
 *(.fini5)
 *(.fini5)
 *(.fini4)
 *(.fini4)
 *(.fini3)
 *(.fini3)
 *(.fini2)
 *(.fini2)
 *(.fini1)
 *(.fini1)
 *(.fini0)
 .fini0         0x000032cc        0x4 c:/program files (x86)/atmel/studio/7.0/toolchain/avr8/avr8-gnu-toolchain/bin/../lib/gcc/avr/5.4.0/avr5\libgcc.a(_exit.o)
 *(.fini0)
                0x000032d0                _etext = .

.data           0x00800100       0x8a load address 0x000032d0
                0x00800100                PROVIDE (__data_start, .)
 *(.data)
 *(.data*)
 .data.nine     0x00800100        0x8 GUI.o
                0x00800100                nine
 .data.eight    0x00800108        0x8 GUI.o
                0x00800108                eight
 .data.seven    0x00800110        0x8 GUI.o
                0x00800110                seven
 .data.six      0x00800118        0x8 GUI.o
                0x00800118                six
 .data.five     0x00800120        0x8 GUI.o
                0x00800120                five
 .data.four     0x00800128        0x8 GUI.o
                0x00800128                four
 .data.three    0x00800130        0x8 GUI.o
                0x00800130                three
 .data.two      0x00800138        0x8 GUI.o
                0x00800138                two
 .data.one      0x00800140        0x8 GUI.o
                0x00800140                one
 .data.zero     0x00800148        0x8 GUI.o
                0x00800148                zero
 .data.backend  0x00800150        0xd main.o
                0x00800150                backend
 .data.handler  0x0080015d        0x6 main.o
                0x0080015d                handler
 .data.gui      0x00800163        0x6 main.o
                0x00800163                gui
 .data.road     0x00800169       0x18 main.o
                0x00800169                road
 .data.current  0x00800181        0x2 TinyTimber.o
                0x00800181                current
 .data.activeStack
                0x00800183        0x2 TinyTimber.o
                0x00800183                activeStack
 .data.threadPool
                0x00800185        0x2 TinyTimber.o
                0x00800185                threadPool
 .data.msgPool  0x00800187        0x2 TinyTimber.o
                0x00800187                msgPool
 *(.gnu.linkonce.d*)
 *(.rodata)
 *(.rodata*)
 *(.gnu.linkonce.r*)
                0x0080018a                . = ALIGN (0x2)
 *fill*         0x00800189        0x1 
                0x0080018a                _edata = .
                0x0080018a                PROVIDE (__data_end, .)

.bss            0x0080018a      0x363
                0x0080018a                PROVIDE (__bss_start, .)
 *(.bss)
 *(.bss*)
 .bss.none      0x0080018a        0x8 GUI.o
                0x0080018a                none
 .bss.lights    0x00800192        0x8 main.o
                0x00800192                lights
 .bss.overflows
                0x0080019a        0x2 TinyTimber.o
                0x0080019a                overflows
 .bss.timestamp
                0x0080019c        0x4 TinyTimber.o
                0x0080019c                timestamp
 .bss.timerQ    0x008001a0        0x2 TinyTimber.o
                0x008001a0                timerQ
 .bss.msgQ      0x008001a2        0x2 TinyTimber.o
                0x008001a2                msgQ
 *(COMMON)
 COMMON         0x008001a4      0x349 TinyTimber.o
                0x008001a4                otable
                0x008001c8                threads
                0x0080023c                mtable
                0x00800260                thread0
                0x0080027d                messages
                0x0080036d                stacks
                0x008004ed                PROVIDE (__bss_end, .)
                0x000032d0                __data_load_start = LOADADDR (.data)
                0x0000335a                __data_load_end = (__data_load_start + SIZEOF (.data))

.noinit         0x008004ed        0x0
                [!provide]                PROVIDE (__noinit_start, .)
 *(.noinit*)
                [!provide]                PROVIDE (__noinit_end, .)
                0x008004ed                _end = .
                [!provide]                PROVIDE (__heap_start, .)

.eeprom         0x00810000        0x0
 *(.eeprom*)
                0x00810000                __eeprom_end = .

.fuse
 *(.fuse)
 *(.lfuse)
 *(.hfuse)
 *(.efuse)

.lock
 *(.lock*)

.signature
 *(.signature*)

.user_signatures
 *(.user_signatures*)

.stab
 *(.stab)

.stabstr
 *(.stabstr)

.stab.excl
 *(.stab.excl)

.stab.exclstr
 *(.stab.exclstr)

.stab.index
 *(.stab.index)

.stab.indexstr
 *(.stab.indexstr)

.comment        0x00000000       0x30
 *(.comment)
 .comment       0x00000000       0x30 Backend.o
                                 0x31 (size before relaxing)
 .comment       0x00000030       0x31 GUI.o
 .comment       0x00000030       0x31 InterruptHandler.o
 .comment       0x00000030       0x31 Lights.o
 .comment       0x00000030       0x31 main.o
 .comment       0x00000030       0x31 Road.o
 .comment       0x00000030       0x31 TinyTimber.o

.note.gnu.avr.deviceinfo
                0x00000000       0x40
 .note.gnu.avr.deviceinfo
                0x00000000       0x40 C:/Program Files (x86)/Atmel/Studio/7.0/Packs/atmel/ATmega_DFP/1.6.364/gcc/dev/atmega169p/avr5/crtatmega169p.o

.note.gnu.build-id
 *(.note.gnu.build-id)

.debug
 *(.debug)

.line
 *(.line)

.debug_srcinfo
 *(.debug_srcinfo)

.debug_sfnames
 *(.debug_sfnames)

.debug_aranges  0x00000000      0x2e0
 *(.debug_aranges)
 .debug_aranges
                0x00000000       0x48 Backend.o
 .debug_aranges
                0x00000048       0x30 GUI.o
 .debug_aranges
                0x00000078       0x30 InterruptHandler.o
 .debug_aranges
                0x000000a8       0x40 Lights.o
 .debug_aranges
                0x000000e8       0x28 main.o
 .debug_aranges
                0x00000110       0x80 Road.o
 .debug_aranges
                0x00000190      0x150 TinyTimber.o

.debug_pubnames
 *(.debug_pubnames)

.debug_info     0x00000000     0x3c35
 *(.debug_info .gnu.linkonce.wi.*)
 .debug_info    0x00000000      0x7b6 C:/Program Files (x86)/Atmel/Studio/7.0/Packs/atmel/ATmega_DFP/1.6.364/gcc/dev/atmega169p/avr5/crtatmega169p.o
 .debug_info    0x000007b6      0x731 Backend.o
 .debug_info    0x00000ee7      0x4a0 GUI.o
 .debug_info    0x00001387      0x511 InterruptHandler.o
 .debug_info    0x00001898      0x1bb Lights.o
 .debug_info    0x00001a53      0x47c main.o
 .debug_info    0x00001ecf      0xa5b Road.o
 .debug_info    0x0000292a     0x130b TinyTimber.o

.debug_abbrev   0x00000000     0x12fc
 *(.debug_abbrev)
 .debug_abbrev  0x00000000      0x74b C:/Program Files (x86)/Atmel/Studio/7.0/Packs/atmel/ATmega_DFP/1.6.364/gcc/dev/atmega169p/avr5/crtatmega169p.o
 .debug_abbrev  0x0000074b      0x12f Backend.o
 .debug_abbrev  0x0000087a      0x161 GUI.o
 .debug_abbrev  0x000009db      0x13e InterruptHandler.o
 .debug_abbrev  0x00000b19       0xa8 Lights.o
 .debug_abbrev  0x00000bc1      0x168 main.o
 .debug_abbrev  0x00000d29      0x1ab Road.o
 .debug_abbrev  0x00000ed4      0x428 TinyTimber.o

.debug_line     0x00000000     0x1f68
 *(.debug_line .debug_line.* .debug_line_end)
 .debug_line    0x00000000      0x122 C:/Program Files (x86)/Atmel/Studio/7.0/Packs/atmel/ATmega_DFP/1.6.364/gcc/dev/atmega169p/avr5/crtatmega169p.o
 .debug_line    0x00000122      0x13a Backend.o
 .debug_line    0x0000025c      0x599 GUI.o
 .debug_line    0x000007f5      0x17f InterruptHandler.o
 .debug_line    0x00000974      0x13b Lights.o
 .debug_line    0x00000aaf      0x19f main.o
 .debug_line    0x00000c4e      0x540 Road.o
 .debug_line    0x0000118e      0xdda TinyTimber.o

.debug_frame    0x00000000      0xe34
 *(.debug_frame)
 .debug_frame   0x00000000      0x13c Backend.o
 .debug_frame   0x0000013c       0x64 GUI.o
 .debug_frame   0x000001a0       0x84 InterruptHandler.o
 .debug_frame   0x00000224       0x64 Lights.o
 .debug_frame   0x00000288       0x34 main.o
 .debug_frame   0x000002bc      0x1fc Road.o
 .debug_frame   0x000004b8      0x97c TinyTimber.o

.debug_str      0x00000000      0xacc
 *(.debug_str)
 .debug_str     0x00000000      0x2b3 C:/Program Files (x86)/Atmel/Studio/7.0/Packs/atmel/ATmega_DFP/1.6.364/gcc/dev/atmega169p/avr5/crtatmega169p.o
 .debug_str     0x000002b3      0x265 Backend.o
                                0x2a3 (size before relaxing)
 .debug_str     0x00000518       0x61 GUI.o
                                0x2a1 (size before relaxing)
 .debug_str     0x00000579       0x71 InterruptHandler.o
                                0x2cf (size before relaxing)
 .debug_str     0x000005ea       0x5c Lights.o
                                0x1ef (size before relaxing)
 .debug_str     0x00000646      0x131 main.o
                                0x398 (size before relaxing)
 .debug_str     0x00000777       0xc2 Road.o
                                0x2f6 (size before relaxing)
 .debug_str     0x00000839      0x293 TinyTimber.o
                                0x552 (size before relaxing)

.debug_loc      0x00000000     0x34e1
 *(.debug_loc)
 .debug_loc     0x00000000      0x37f Backend.o
 .debug_loc     0x0000037f      0x280 GUI.o
 .debug_loc     0x000005ff      0x1fa InterruptHandler.o
 .debug_loc     0x000007f9       0xc8 Lights.o
 .debug_loc     0x000008c1      0x7a1 Road.o
 .debug_loc     0x00001062     0x247f TinyTimber.o

.debug_macinfo
 *(.debug_macinfo)

.debug_weaknames
 *(.debug_weaknames)

.debug_funcnames
 *(.debug_funcnames)

.debug_typenames
 *(.debug_typenames)

.debug_varnames
 *(.debug_varnames)

.debug_pubtypes
 *(.debug_pubtypes)

.debug_ranges   0x00000000      0x358
 *(.debug_ranges)
 .debug_ranges  0x00000000       0x38 Backend.o
 .debug_ranges  0x00000038       0x20 GUI.o
 .debug_ranges  0x00000058       0x20 InterruptHandler.o
 .debug_ranges  0x00000078       0x30 Lights.o
 .debug_ranges  0x000000a8       0x18 main.o
 .debug_ranges  0x000000c0       0x70 Road.o
 .debug_ranges  0x00000130      0x228 TinyTimber.o

.debug_macro
 *(.debug_macro)
OUTPUT(lab5.elf elf32-avr)
LOAD linker stubs
